// Jest Snapshot v1, https://goo.gl/fbAQLP

exports[`Character component renders Character 1`] = `
<DocumentFragment>
  <figure>
    <img
      alt="Morty Smith"
      src="https://rickandmortyapi.com/api/character/avatar/2.jpeg"
    />
    <figcaption>
      Morty Smith
    </figcaption>
  </figure>
</DocumentFragment>
`;
