// Jest Snapshot v1, https://goo.gl/fbAQLP

exports[`CharacterDetail component renders CharacterDetail 1`] = `
<DocumentFragment>
  <figure
    data-testid="character"
  >
    <img
      alt="Morty Smith"
      src="https://rickandmortyapi.com/api/character/avatar/2.jpeg"
    />
    <figcaption>
      <p>
        Morty Smith
      </p>
      <p>
        alive
      </p>
      <p>
        human
      </p>
    </figcaption>
  </figure>
</DocumentFragment>
`;
